// Jest Snapshot v1, https://goo.gl/fbAQLP

exports[`DPolygonLoop rotate 1 1`] = `"data:image/png;base64,iVBORw0KGgoAAAANSUhEUgAAAGQAAABkCAYAAABw4pVUAAAABmJLR0QA/wD/AP+gvaeTAAAGF0lEQVR4nO3be2yV9R3H8fdzruUgp9AjttByEVLt2IhcNhcclxgR3JiXMG8QaZQQJbHI2JIxypY1A7L6Dyq4ELOgs4uYzSluIk6Jl4kQbyBRm5MgBqSEVlJrD1LoaXvOZ3+c55S6bEYN8Dttv6/m98+TtP1+v588z9P++isYY4wxxhhjjDHGGGOMMcYYY4wxxhhjjDHGGGOMMcYYY4wxxhhjzAAhLkNEXJdhAEQU8RGd0SOcGrrIdTlGrEF9Po6OOYD4juuyBicxGvEFQmyuEW0jcqF0h7I0VTQgRrgucXARDQiFnr5BIC0ruV/Rh+4R3aFcMB2xM5wYuQYRcl3qwCemIzKBdEhUHtRCnpZAn1GiJVW18l6Yf/Yx1ppooSO2wHXJA5fwEG8g5G1YowhpHaRSgt6VpErTrq8TH084G8yx8jcRE1yXP/CIaoTCLSUinlItG74URt/1TGSBEit/K1Lx/PslQ3PZnxFx120MDCKGOIoQ1Y+rlBaliP/fQARKE9HvRy1T5JE7RSaQC6a9+BStifsQAdct9W9iPUKRdyeLQEaPU/2VYfRdxxmlhdNrxRs/OvsYayk9wpmiWa7b6p/EpYgzZD0xc7em864yBL52IPn1jjddl9+yThwZlwsl64lj5a8gxrlusX8Rf0co2LBYHlntZuY3DiO/snj6S2yhiut+Ls4U5YLpjPZwrPwBxBDXrRY+cTVCwY6oGPuJltDwrcPouzqIaVXFLxRsWJy7U3LvlxTtxcsQnuu2C5MIIg4gxNr1itGhTxh7TgLJryYqNG9OrThwRd8fk5N0hae6br/wiOUIhY+WiViH1rP2nIbRd70SmKOx1evEp5fkQskExPHROxClrsdQGMRwxAmEuPkpjeGoOoidt0AEyhDQluG3K1a/QnRG89swaVpK1yGirkfiltiIUPi1qwTSU9x8XsPouz5nuJZV/VKBF+adfYydGHmCD7430fVY3BBViC6vJyCmvKc5vHbBwui7klRpdMM1uUD2TxWBTBI0xvV4LjyxE6HAlrsVpEfvMcVJIE0VaOgp/w6Z/W+B9oMG4W/4QqFUTJS2aDlbnIQh0KJtfhhP3p6/NNv1aNwQYtVGxUmphVInYeydgbws4vQQMe6IQE+6HoszkeQEEe7SRlY5CSMTQD9427876n4n0GnQONdzcecnz6uKpLoIOwnk0bv8MJoqRKxDoDrXI3FM2smPnYRxchgaddwPZNE2gZpAQ11PxKkF7HAShkC/ut8PY+8M4WUFsiNGSaqchHFoIop2+tsmV74l0B6QbTS6ujtu+Id/d2xdKlAGdKXrWRQEF2HsmuuHcXKYKGsWaKvrORSMCx1Gdwh990M/kNX1Ap0ElbmeQ8G47Y8JtSYuXCCba/wwDk0U0U6BVrueQWERinwe029WX6R05PyG0TYCJVr9QG58VqCPQYN8q/2/vXRtNr/tXdZYop3zguctkJrN/nfaNTd/6UbX7RcgXc6tf32Lxkm9f4+YsutiNU46t2E0TkKhbkRPUEx+X6CXXXde2Eo+u46165tpLxZCXldIdzxUovbicxPIvBf9uDetEKgHNNl1y/2AwlQla3n43jQ9QSFU1DpU9SuL1BP89mFsv8kPo22ESLQKtMl1p/2MEizYsY3dM3vfLxX7R+rV2d/8wFw6gioP+l+lZrNAbaCE6w77KU1lScOHHB7f+3656rkSHR7/9QP5w6/9z2ycJMJdAtW47qr/q2j6GXV1bXxxkRAKno5oeX2xTg776jBaSlE85Qcy/18CNYLCrtsZIDSE77+zgScWd+dPHw47Ftcj1UXKev87kDsf88PYflP+0nzXXQxAKuenz+1k74zex9ilb1+sPTO8L4WxbxoKZBDpiKg8KNB215UPbOGuH7Ji00c0l/Webr+uYaSay1DWQ7Ne9+OqXy1QGlTpuuRBQB4TD93DgytPkY4IoXBqiBY+4Z90by4T8ZRA9a4rHWQUZ9brf+Kf12d6Tx8KsXSrQM0g+9c2N1TJLX/bw/uTxb5pIpARaKnrqkxx+7WMP5wE7WNQnj4sSAqByl1XYYwxxhhjjDHGGGOMMcaYQe8/5OdtJdfL/kQAAAAASUVORK5CYII="`;

exports[`DPolygonLoop rotate 2 1`] = `"data:image/png;base64,iVBORw0KGgoAAAANSUhEUgAAAGQAAABkCAYAAABw4pVUAAAABmJLR0QA/wD/AP+gvaeTAAAGVElEQVR4nO3afWxV9R3H8fc5996WPlKFkUItDEFYO9nEziX9gyDxRgxjmhiq08EChtQ1LGLGBLIBkRADVWbdJLiOWLOiRLqZrEMmSxcxJiNxKzUjlsnGEHmwYbB19JG2997P/rinvcW4yKbcXx++r+aX3Jz79P19P/ndnJ7zA2OMMcYYY4wxxhhjjDHGGGOMMcYYY4wxxhhjjDHGGGOMMcYYM8qJsOsSzHDiORLeUUQlItt1OeObyEa0o+Cvd0InPVnPIma6Lm18EqsR8k/MFkdv11AwCS9BR95hxDcQvusyxw/RjBDL92oOJ/SlspdFbaXozk6F05N1ibi/FfEF1+WObaIcofDFAjGhV3tZLoGaKdPKghplrH1a/P3mVDCxUIzu7EZE1HXpY5OoR4jtGzWZi+plggRDo50C1fiPaWq0XjRUiIFwKpzO3A8RaxG5rqcxNojJiF4v7omZp7SR7VeFMXzE8dVEVEuLfib/yc3iwpRUMH0ZvfROqEPc6npKo5vYgJB/YIl84jrFzP8ayPBxjiJtytisiRV7RFM0FUxy1bQgKhAR19MbXYSPOIUQSw5qKQeuKYzho48MNVCh8pIXxU8eE525w08C2hkIP42Y7nqqo0PyVFbh00UiFNNBlvzPgQwfxynRd/OrlVn5U3FsXiqYuJ+gM/f3iCjCcz3tkUu8jhDrqzWD04oR+kyBDI7L5KuWSs0ue1XUrxD9kVQ4XTlnifsbETe6nv7IImYgYv6ViJhyQdWs/1zC+PhopkzLCp9XaMNT4sPpqWAGwgN05exH3Oa6FSOD2IGQV79cmVzRBaZcl0AGRxuFeiryhCYve0G8uUgkvNTP2bdfvst1O9wSmYh/IET5Ea2g/rqGMXz0E9EvWabp1d9KBtJ4r0AxUKHrtrgjViAUfvdWgXSE8rQFIlDcR1/8IPjpWnxIoEbXLXFLHEGI1Xt0G++mNQyBGu8Nwjg5S/hxgRa7bok74qsIhdtzRU6X9rA67YHc80YQyLqdAp0EjeOryOLnCFHzuApoVxc5aQ3j5CzkxxE9WWLSJYHWuW6JO2IioouEJ+a+r8epSfvq+MEzweqoWyVQD2iS67a4k7wqq1DTInkk9D5z0xpGTxaadCkI5I4/ClTnuiVuifcQ4v7XFKUp7avjpZVBGC3zBw/d4bol7oi7EAqfnyIi/XqN+9MeyNffCQJZVSdQi+uWuCV+hRBbtmoa59VPJK1htMwPwmgvENndAq1y3RJ3xFREvzcQEkXntJUtaV8dj7wYBLJznUDtoHG8zUg8iZC/f5nCDOgcRWkNo70AZXeTvH4154RAO123xB0RRpxDiDsP6wH2p311/Pj7weo4tFigBGiO67a4k7yVqvDxW4SX0GHuTGsYCQ/NOREEct+vBTrkuiVuicMI8b3nVcJxJfDSGsjv7g7COFMsQjGB7nPdknS6+pqQKAEWAjDpn6y88Vk8lNaCXqgKHtQ+CvHQWeD1tBYwooi76cv4aPAuXbgnoofrMvWnr6VndZwpRuEBRF+GKGwT6EeuW+Je5pXFLDl4gYYKEQsN3UItac5WbSXqzr5+gWzaFnzbvocE6mNc34S6inxQlPktv6V6fYKLk4eCyfp3hh6pDau19PMNoz+Cpp0PvmXB2wLtc92FEUqzyOt4hodf6bhqg1vCU3lTjhoq0ED4swey76Hgc1tLhZcQaIHrmY9wygRVsOjNd6itFF05Q+HccD5LT+zwdfam/z+QBW8Hn1a1W6BWkO3HunYqo7DtJap2X6G1dCiYUF9ISxuy1BRN/j9xrWG0liIvgejIE/mXBar69BrMJ9BE/PijfPM3pz++y734LzmqWeupM/fTA6naHbxr1xqBOkD5rmc2yskDRbnlrwfYuD3O2ZuGgsnsyNCq2oj+/JVPDqMjD+VfDl4975hAu1zPZozRNPI6fsjyvZdoiqY2uAmVNmfpF99JnlENBrJrTfDsWwsHD81zPYMxShmgCm4/+gd2bBD/umEomIltyZOA0zPQvGPB0QdfFegt11WPE5rL1I9qWPtcN+99eSgYL+YnH7UViow+gR50Xek4o3zQGu554wP2P5Da5b5tk0BtyVVlHNFCZv+tkS1bYxSfEWib64oMAJoK2gwqdl2JMcYYY4wxxhhjjDHGGGOMMcYYM8x/AKohfr/rwX6rAAAAAElFTkSuQmCC"`;
